Archive member included because of file (symbol)

d:/me/ee/courses/tools/imt_sdk_win_64/winavr/bin/../lib/gcc/avr/4.3.3/avr5\libgcc.a(_exit.o)
                              d:/me/ee/courses/tools/imt_sdk_win_64/winavr/bin/../lib/gcc/avr/4.3.3/../../../../avr/lib/avr5/crtm32.o (exit)
d:/me/ee/courses/tools/imt_sdk_win_64/winavr/bin/../lib/gcc/avr/4.3.3/avr5\libgcc.a(_clear_bss.o)
                              Debug/build/SERVICES/RTOS/RTOS_Program.o (__do_clear_bss)

Memory Configuration

Name             Origin             Length             Attributes
text             0x00000000         0x00020000         xr
data             0x00800060         0x0000ffa0         rw !x
eeprom           0x00810000         0x00010000         rw !x
fuse             0x00820000         0x00000400         rw !x
lock             0x00830000         0x00000400         rw !x
signature        0x00840000         0x00000400         rw !x
*default*        0x00000000         0xffffffff

Linker script and memory map

LOAD d:/me/ee/courses/tools/imt_sdk_win_64/winavr/bin/../lib/gcc/avr/4.3.3/../../../../avr/lib/avr5/crtm32.o
LOAD Debug/build/SERVICES/RTOS/RTOS_Program.o
LOAD Debug/build/MCAL/TIMER1/TIMER1_Program.o
LOAD Debug/build/MCAL/DIO/DIO_Program.o
LOAD Debug/main.o
LOAD d:/me/ee/courses/tools/imt_sdk_win_64/winavr/bin/../lib/gcc/avr/4.3.3/avr5\libgcc.a
LOAD d:/me/ee/courses/tools/imt_sdk_win_64/winavr/bin/../lib/gcc/avr/4.3.3/../../../../avr/lib/avr5\libc.a
LOAD d:/me/ee/courses/tools/imt_sdk_win_64/winavr/bin/../lib/gcc/avr/4.3.3/avr5\libgcc.a

.hash
 *(.hash)

.dynsym
 *(.dynsym)

.dynstr
 *(.dynstr)

.gnu.version
 *(.gnu.version)

.gnu.version_d
 *(.gnu.version_d)

.gnu.version_r
 *(.gnu.version_r)

.rel.init
 *(.rel.init)

.rela.init
 *(.rela.init)

.rel.text
 *(.rel.text)
 *(.rel.text.*)
 *(.rel.gnu.linkonce.t*)

.rela.text
 *(.rela.text)
 *(.rela.text.*)
 *(.rela.gnu.linkonce.t*)

.rel.fini
 *(.rel.fini)

.rela.fini
 *(.rela.fini)

.rel.rodata
 *(.rel.rodata)
 *(.rel.rodata.*)
 *(.rel.gnu.linkonce.r*)

.rela.rodata
 *(.rela.rodata)
 *(.rela.rodata.*)
 *(.rela.gnu.linkonce.r*)

.rel.data
 *(.rel.data)
 *(.rel.data.*)
 *(.rel.gnu.linkonce.d*)

.rela.data
 *(.rela.data)
 *(.rela.data.*)
 *(.rela.gnu.linkonce.d*)

.rel.ctors
 *(.rel.ctors)

.rela.ctors
 *(.rela.ctors)

.rel.dtors
 *(.rel.dtors)

.rela.dtors
 *(.rela.dtors)

.rel.got
 *(.rel.got)

.rela.got
 *(.rela.got)

.rel.bss
 *(.rel.bss)

.rela.bss
 *(.rela.bss)

.rel.plt
 *(.rel.plt)

.rela.plt
 *(.rela.plt)

.text           0x00000000      0xa4c
 *(.vectors)
 .vectors       0x00000000       0x54 d:/me/ee/courses/tools/imt_sdk_win_64/winavr/bin/../lib/gcc/avr/4.3.3/../../../../avr/lib/avr5/crtm32.o
                0x00000000                __vectors
                0x00000000                __vector_default
 *(.vectors)
 *(.progmem.gcc*)
 *(.progmem*)
                0x00000054                . = ALIGN (0x2)
                0x00000054                __trampolines_start = .
 *(.trampolines)
 .trampolines   0x00000054        0x0 linker stubs
 *(.trampolines*)
                0x00000054                __trampolines_end = .
 *(.jumptables)
 *(.jumptables*)
 *(.lowtext)
 *(.lowtext*)
                0x00000054                __ctors_start = .
 *(.ctors)
                0x00000054                __ctors_end = .
                0x00000054                __dtors_start = .
 *(.dtors)
                0x00000054                __dtors_end = .
 SORT(*)(.ctors)
 SORT(*)(.dtors)
 *(.init0)
 .init0         0x00000054        0x0 d:/me/ee/courses/tools/imt_sdk_win_64/winavr/bin/../lib/gcc/avr/4.3.3/../../../../avr/lib/avr5/crtm32.o
                0x00000054                __init
 *(.init0)
 *(.init1)
 *(.init1)
 *(.init2)
 .init2         0x00000054        0xc d:/me/ee/courses/tools/imt_sdk_win_64/winavr/bin/../lib/gcc/avr/4.3.3/../../../../avr/lib/avr5/crtm32.o
 *(.init2)
 *(.init3)
 *(.init3)
 *(.init4)
 .init4         0x00000060       0x10 d:/me/ee/courses/tools/imt_sdk_win_64/winavr/bin/../lib/gcc/avr/4.3.3/avr5\libgcc.a(_clear_bss.o)
                0x00000060                __do_clear_bss
 *(.init4)
 *(.init5)
 *(.init5)
 *(.init6)
 *(.init6)
 *(.init7)
 *(.init7)
 *(.init8)
 *(.init8)
 *(.init9)
 .init9         0x00000070        0x8 d:/me/ee/courses/tools/imt_sdk_win_64/winavr/bin/../lib/gcc/avr/4.3.3/../../../../avr/lib/avr5/crtm32.o
 *(.init9)
 *(.text)
 .text          0x00000078        0x4 d:/me/ee/courses/tools/imt_sdk_win_64/winavr/bin/../lib/gcc/avr/4.3.3/../../../../avr/lib/avr5/crtm32.o
                0x00000078                __vector_1
                0x00000078                __vector_12
                0x00000078                __bad_interrupt
                0x00000078                __vector_3
                0x00000078                __vector_11
                0x00000078                __vector_13
                0x00000078                __vector_17
                0x00000078                __vector_19
                0x00000078                __vector_5
                0x00000078                __vector_4
                0x00000078                __vector_2
                0x00000078                __vector_15
                0x00000078                __vector_14
                0x00000078                __vector_10
                0x00000078                __vector_16
                0x00000078                __vector_18
                0x00000078                __vector_20
 .text          0x0000007c        0x0 Debug/build/SERVICES/RTOS/RTOS_Program.o
 .text          0x0000007c        0x0 Debug/build/MCAL/TIMER1/TIMER1_Program.o
 .text          0x0000007c        0x0 Debug/build/MCAL/DIO/DIO_Program.o
 .text          0x0000007c        0x0 Debug/main.o
 .text          0x0000007c        0x0 d:/me/ee/courses/tools/imt_sdk_win_64/winavr/bin/../lib/gcc/avr/4.3.3/avr5\libgcc.a(_exit.o)
 .text          0x0000007c        0x0 d:/me/ee/courses/tools/imt_sdk_win_64/winavr/bin/../lib/gcc/avr/4.3.3/avr5\libgcc.a(_clear_bss.o)
                0x0000007c                . = ALIGN (0x2)
 *(.text.*)
 .text.RTOS_voidCreateTask
                0x0000007c       0x4a Debug/build/SERVICES/RTOS/RTOS_Program.o
                0x0000007c                RTOS_voidCreateTask
 .text.RTOS_voidStartScheduler
                0x000000c6       0x42 Debug/build/SERVICES/RTOS/RTOS_Program.o
 .text.RTOS_voidInit
                0x00000108       0x24 Debug/build/SERVICES/RTOS/RTOS_Program.o
                0x00000108                RTOS_voidInit
 .text.TIMER1_voidInit
                0x0000012c      0x278 Debug/build/MCAL/TIMER1/TIMER1_Program.o
                0x0000012c                TIMER1_voidInit
 .text.TIMER1_voidInputCaptureEdge
                0x000003a4       0x20 Debug/build/MCAL/TIMER1/TIMER1_Program.o
                0x000003a4                TIMER1_voidInputCaptureEdge
 .text.TIMER1_voidGetICR1
                0x000003c4        0xa Debug/build/MCAL/TIMER1/TIMER1_Program.o
                0x000003c4                TIMER1_voidGetICR1
 .text.TIMER1_voidCaptureInterruptEnable
                0x000003ce        0xc Debug/build/MCAL/TIMER1/TIMER1_Program.o
                0x000003ce                TIMER1_voidCaptureInterruptEnable
 .text.TIMER1_voidCaptureInterruptDisable
                0x000003da        0xc Debug/build/MCAL/TIMER1/TIMER1_Program.o
                0x000003da                TIMER1_voidCaptureInterruptDisable
 .text.TIMER1_voidCompareAInterruptEnable
                0x000003e6        0xc Debug/build/MCAL/TIMER1/TIMER1_Program.o
                0x000003e6                TIMER1_voidCompareAInterruptEnable
 .text.TIMER1_voidCompareAInterruptDisable
                0x000003f2        0xc Debug/build/MCAL/TIMER1/TIMER1_Program.o
                0x000003f2                TIMER1_voidCompareAInterruptDisable
 .text.TIMER1_voidCompareBInterruptEnable
                0x000003fe        0xc Debug/build/MCAL/TIMER1/TIMER1_Program.o
                0x000003fe                TIMER1_voidCompareBInterruptEnable
 .text.TIMER1_voidCompareBInterruptDisable
                0x0000040a        0xc Debug/build/MCAL/TIMER1/TIMER1_Program.o
                0x0000040a                TIMER1_voidCompareBInterruptDisable
 .text.TIMER1_voidOverFlowInterruptEnable
                0x00000416        0xc Debug/build/MCAL/TIMER1/TIMER1_Program.o
                0x00000416                TIMER1_voidOverFlowInterruptEnable
 .text.TIMER1_voidOverFlowInterruptDisable
                0x00000422        0xc Debug/build/MCAL/TIMER1/TIMER1_Program.o
                0x00000422                TIMER1_voidOverFlowInterruptDisable
 .text.TIMER1_voidSetICR1Value
                0x0000042e        0x6 Debug/build/MCAL/TIMER1/TIMER1_Program.o
                0x0000042e                TIMER1_voidSetICR1Value
 .text.TIMER1_voidSetOCR1AValue
                0x00000434        0x6 Debug/build/MCAL/TIMER1/TIMER1_Program.o
                0x00000434                TIMER1_voidSetOCR1AValue
 .text.TIMER1_voidSetOCR1BValue
                0x0000043a        0x6 Debug/build/MCAL/TIMER1/TIMER1_Program.o
                0x0000043a                TIMER1_voidSetOCR1BValue
 .text.TIMER1_voidSetTCNT1Value
                0x00000440        0x6 Debug/build/MCAL/TIMER1/TIMER1_Program.o
                0x00000440                TIMER1_voidSetTCNT1Value
 .text.TIMER1_voidSetCallBackCapture
                0x00000446        0xa Debug/build/MCAL/TIMER1/TIMER1_Program.o
                0x00000446                TIMER1_voidSetCallBackCapture
 .text.TIMER1_voidMeasurePWM
                0x00000450       0x1c Debug/build/MCAL/TIMER1/TIMER1_Program.o
                0x00000450                TIMER1_voidMeasurePWM
 .text.TIMER1_voidSetCallBackCOMA
                0x0000046c        0xa Debug/build/MCAL/TIMER1/TIMER1_Program.o
                0x0000046c                TIMER1_voidSetCallBackCOMA
 .text.TIMER1_voidSetCallBackCOMB
                0x00000476        0xa Debug/build/MCAL/TIMER1/TIMER1_Program.o
                0x00000476                TIMER1_voidSetCallBackCOMB
 .text.TIMER1_voidSetCallBackOVF
                0x00000480        0xa Debug/build/MCAL/TIMER1/TIMER1_Program.o
                0x00000480                TIMER1_voidSetCallBackOVF
 .text.__vector_6
                0x0000048a       0x52 Debug/build/MCAL/TIMER1/TIMER1_Program.o
                0x0000048a                __vector_6
 .text.__vector_7
                0x000004dc       0x52 Debug/build/MCAL/TIMER1/TIMER1_Program.o
                0x000004dc                __vector_7
 .text.__vector_8
                0x0000052e       0x52 Debug/build/MCAL/TIMER1/TIMER1_Program.o
                0x0000052e                __vector_8
 .text.__vector_9
                0x00000580       0x52 Debug/build/MCAL/TIMER1/TIMER1_Program.o
                0x00000580                __vector_9
 .text.func_ICU
                0x000005d2       0x50 Debug/build/MCAL/TIMER1/TIMER1_Program.o
 .text.DIO_voidInit
                0x00000622       0x16 Debug/build/MCAL/DIO/DIO_Program.o
                0x00000622                DIO_voidInit
 .text.DIO_u8GetPinValue
                0x00000638       0xd0 Debug/build/MCAL/DIO/DIO_Program.o
                0x00000638                DIO_u8GetPinValue
 .text.DIO_voidSetPinValue
                0x00000708      0x112 Debug/build/MCAL/DIO/DIO_Program.o
                0x00000708                DIO_voidSetPinValue
 .text.DIO_voidSetPinDirection
                0x0000081a      0x112 Debug/build/MCAL/DIO/DIO_Program.o
                0x0000081a                DIO_voidSetPinDirection
 .text.DIO_voidTogglePin
                0x0000092c       0x7a Debug/build/MCAL/DIO/DIO_Program.o
                0x0000092c                DIO_voidTogglePin
 .text.DIO_voidSetPortValue
                0x000009a6       0x22 Debug/build/MCAL/DIO/DIO_Program.o
                0x000009a6                DIO_voidSetPortValue
 .text.DIO_voidSetPortDirection
                0x000009c8       0x22 Debug/build/MCAL/DIO/DIO_Program.o
                0x000009c8                DIO_voidSetPortDirection
 .text.toggleLED3
                0x000009ea        0xa Debug/main.o
                0x000009ea                toggleLED3
 .text.toggleLED2
                0x000009f4        0xa Debug/main.o
                0x000009f4                toggleLED2
 .text.toggleLED1
                0x000009fe        0xa Debug/main.o
                0x000009fe                toggleLED1
 .text.main     0x00000a08       0x40 Debug/main.o
                0x00000a08                main
 .text.libgcc   0x00000a48        0x0 d:/me/ee/courses/tools/imt_sdk_win_64/winavr/bin/../lib/gcc/avr/4.3.3/avr5\libgcc.a(_exit.o)
 .text.libgcc   0x00000a48        0x0 d:/me/ee/courses/tools/imt_sdk_win_64/winavr/bin/../lib/gcc/avr/4.3.3/avr5\libgcc.a(_clear_bss.o)
                0x00000a48                . = ALIGN (0x2)
 *(.fini9)
 .fini9         0x00000a48        0x0 d:/me/ee/courses/tools/imt_sdk_win_64/winavr/bin/../lib/gcc/avr/4.3.3/avr5\libgcc.a(_exit.o)
                0x00000a48                exit
                0x00000a48                _exit
 *(.fini9)
 *(.fini8)
 *(.fini8)
 *(.fini7)
 *(.fini7)
 *(.fini6)
 *(.fini6)
 *(.fini5)
 *(.fini5)
 *(.fini4)
 *(.fini4)
 *(.fini3)
 *(.fini3)
 *(.fini2)
 *(.fini2)
 *(.fini1)
 *(.fini1)
 *(.fini0)
 .fini0         0x00000a48        0x4 d:/me/ee/courses/tools/imt_sdk_win_64/winavr/bin/../lib/gcc/avr/4.3.3/avr5\libgcc.a(_exit.o)
 *(.fini0)
                0x00000a4c                _etext = .

.data           0x00800060        0x0 load address 0x00000a4c
                0x00800060                PROVIDE (__data_start, .)
 *(.data)
 .data          0x00800060        0x0 d:/me/ee/courses/tools/imt_sdk_win_64/winavr/bin/../lib/gcc/avr/4.3.3/../../../../avr/lib/avr5/crtm32.o
 .data          0x00800060        0x0 Debug/build/SERVICES/RTOS/RTOS_Program.o
 .data          0x00800060        0x0 Debug/build/MCAL/TIMER1/TIMER1_Program.o
 .data          0x00800060        0x0 Debug/build/MCAL/DIO/DIO_Program.o
 .data          0x00800060        0x0 Debug/main.o
 .data          0x00800060        0x0 d:/me/ee/courses/tools/imt_sdk_win_64/winavr/bin/../lib/gcc/avr/4.3.3/avr5\libgcc.a(_exit.o)
 .data          0x00800060        0x0 d:/me/ee/courses/tools/imt_sdk_win_64/winavr/bin/../lib/gcc/avr/4.3.3/avr5\libgcc.a(_clear_bss.o)
 *(.data*)
 *(.rodata)
 *(.rodata*)
 *(.gnu.linkonce.d*)
                0x00800060                . = ALIGN (0x2)
                0x00800060                _edata = .
                0x00800060                PROVIDE (__data_end, .)

.bss            0x00800060       0x1e
                0x00800060                PROVIDE (__bss_start, .)
 *(.bss)
 .bss           0x00800060        0x0 d:/me/ee/courses/tools/imt_sdk_win_64/winavr/bin/../lib/gcc/avr/4.3.3/../../../../avr/lib/avr5/crtm32.o
 .bss           0x00800060        0x0 Debug/build/SERVICES/RTOS/RTOS_Program.o
 .bss           0x00800060        0x0 Debug/build/MCAL/TIMER1/TIMER1_Program.o
 .bss           0x00800060        0x0 Debug/build/MCAL/DIO/DIO_Program.o
 .bss           0x00800060        0x0 Debug/main.o
 .bss           0x00800060        0x0 d:/me/ee/courses/tools/imt_sdk_win_64/winavr/bin/../lib/gcc/avr/4.3.3/avr5\libgcc.a(_exit.o)
 .bss           0x00800060        0x0 d:/me/ee/courses/tools/imt_sdk_win_64/winavr/bin/../lib/gcc/avr/4.3.3/avr5\libgcc.a(_clear_bss.o)
 *(.bss*)
 .bss.tasks     0x00800060       0x12 Debug/build/SERVICES/RTOS/RTOS_Program.o
                0x00800060                tasks
 .bss.TIMER1_OVF
                0x00800072        0x2 Debug/build/MCAL/TIMER1/TIMER1_Program.o
 .bss.TIMER1_COMB
                0x00800074        0x2 Debug/build/MCAL/TIMER1/TIMER1_Program.o
 .bss.TIMER1_COMA
                0x00800076        0x2 Debug/build/MCAL/TIMER1/TIMER1_Program.o
 .bss.TIMER1_CAPTURE
                0x00800078        0x2 Debug/build/MCAL/TIMER1/TIMER1_Program.o
 .bss.global_u8Flag
                0x0080007a        0x1 Debug/build/MCAL/TIMER1/TIMER1_Program.o
 .bss.t1        0x0080007b        0x1 Debug/build/MCAL/TIMER1/TIMER1_Program.o
 .bss.t2        0x0080007c        0x1 Debug/build/MCAL/TIMER1/TIMER1_Program.o
 .bss.t3        0x0080007d        0x1 Debug/build/MCAL/TIMER1/TIMER1_Program.o
 *(COMMON)
                0x0080007e                PROVIDE (__bss_end, .)
                0x00000a4c                __data_load_start = LOADADDR (.data)
                0x00000a4c                __data_load_end = (__data_load_start + SIZEOF (.data))

.noinit         0x0080007e        0x0
                0x0080007e                PROVIDE (__noinit_start, .)
 *(.noinit*)
                0x0080007e                PROVIDE (__noinit_end, .)
                0x0080007e                _end = .
                0x0080007e                PROVIDE (__heap_start, .)

.eeprom         0x00810000        0x0
 *(.eeprom*)
                0x00810000                __eeprom_end = .

.fuse
 *(.fuse)
 *(.lfuse)
 *(.hfuse)
 *(.efuse)

.lock
 *(.lock*)

.signature
 *(.signature*)

.stab
 *(.stab)

.stabstr
 *(.stabstr)

.stab.excl
 *(.stab.excl)

.stab.exclstr
 *(.stab.exclstr)

.stab.index
 *(.stab.index)

.stab.indexstr
 *(.stab.indexstr)

.comment
 *(.comment)

.debug
 *(.debug)

.line
 *(.line)

.debug_srcinfo
 *(.debug_srcinfo)

.debug_sfnames
 *(.debug_sfnames)

.debug_aranges
 *(.debug_aranges)

.debug_pubnames
 *(.debug_pubnames)

.debug_info
 *(.debug_info)
 *(.gnu.linkonce.wi.*)

.debug_abbrev
 *(.debug_abbrev)

.debug_line
 *(.debug_line)

.debug_frame
 *(.debug_frame)

.debug_str
 *(.debug_str)

.debug_loc
 *(.debug_loc)

.debug_macinfo
 *(.debug_macinfo)
OUTPUT(Debug/RTOS_Driver1.elf elf32-avr)
LOAD linker stubs
